  Determining projects to restore...
  All projects are up-to-date for restore.
  PayPing.Domain -> D:\Dev\Internship\Xhire_Tech\Projects\PayPing\backend\PayPing.Domain\bin\Debug\net9.0\PayPing.Domain.dll
  PayPing.Application -> D:\Dev\Internship\Xhire_Tech\Projects\PayPing\backend\PayPing.Application\bin\Debug\net9.0\PayPing.Application.dll
  PayPing.Infrastructure -> D:\Dev\Internship\Xhire_Tech\Projects\PayPing\backend\PayPing.Infrastructure\bin\Debug\net9.0\PayPing.Infrastructure.dll
C:\Program Files\dotnet\sdk\10.0.201\Microsoft.Common.CurrentVersion.targets(5094,5): warning MSB3026: Could not copy "D:\Dev\Internship\Xhire_Tech\Projects\PayPing\backend\PayPing.Domain\bin\Debug\net9.0\PayPing.Domain.dll" to "bin\Debug\net9.0\PayPing.Domain.dll". Beginning retry 1 in 1000ms. The process cannot access the file 'D:\Dev\Internship\Xhire_Tech\Projects\PayPing\backend\PayPing.API\bin\Debug\net9.0\PayPing.Domain.dll' because it is being used by another process. The file is locked by: "PayPing.API (23656)" [D:\Dev\Internship\Xhire_Tech\Projects\PayPing\backend\PayPing.API\PayPing.API.csproj]
C:\Program Files\dotnet\sdk\10.0.201\Microsoft.Common.CurrentVersion.targets(5094,5): warning MSB3026: Could not copy "D:\Dev\Internship\Xhire_Tech\Projects\PayPing\backend\PayPing.Application\bin\Debug\net9.0\PayPing.Application.dll" to "bin\Debug\net9.0\PayPing.Application.dll". Beginning retry 1 in 1000ms. The process cannot access the file 'D:\Dev\Internship\Xhire_Tech\Projects\PayPing\backend\PayPing.API\bin\Debug\net9.0\PayPing.Application.dll' because it is being used by another process. The file is locked by: "PayPing.API (23656)" [D:\Dev\Internship\Xhire_Tech\Projects\PayPing\backend\PayPing.API\PayPing.API.csproj]
C:\Program Files\dotnet\sdk\10.0.201\Microsoft.Common.CurrentVersion.targets(5094,5): warning MSB3026: Could not copy "D:\Dev\Internship\Xhire_Tech\Projects\PayPing\backend\PayPing.Infrastructure\bin\Debug\net9.0\PayPing.Infrastructure.dll" to "bin\Debug\net9.0\PayPing.Infrastructure.dll". Beginning retry 1 in 1000ms. The process cannot access the file 'D:\Dev\Internship\Xhire_Tech\Projects\PayPing\backend\PayPing.API\bin\Debug\net9.0\PayPing.Infrastructure.dll' because it is being used by another process. The file is locked by: "Microsoft Visual Studio (2280), PayPing.API (23656)" [D:\Dev\Internship\Xhire_Tech\Projects\PayPing\backend\PayPing.API\PayPing.API.csproj]
C:\Program Files\dotnet\sdk\10.0.201\Microsoft.Common.CurrentVersion.targets(5094,5): warning MSB3026: Could not copy "D:\Dev\Internship\Xhire_Tech\Projects\PayPing\backend\PayPing.Application\bin\Debug\net9.0\PayPing.Application.dll" to "bin\Debug\net9.0\PayPing.Application.dll". Beginning retry 2 in 1000ms. The process cannot access the file 'D:\Dev\Internship\Xhire_Tech\Projects\PayPing\backend\PayPing.API\bin\Debug\net9.0\PayPing.Application.dll' because it is being used by another process. The file is locked by: "PayPing.API (23656)" [D:\Dev\Internship\Xhire_Tech\Projects\PayPing\backend\PayPing.API\PayPing.API.csproj]
C:\Program Files\dotnet\sdk\10.0.201\Microsoft.Common.CurrentVersion.targets(5094,5): warning MSB3026: Could not copy "D:\Dev\Internship\Xhire_Tech\Projects\PayPing\backend\PayPing.Domain\bin\Debug\net9.0\PayPing.Domain.dll" to "bin\Debug\net9.0\PayPing.Domain.dll". Beginning retry 2 in 1000ms. The process cannot access the file 'D:\Dev\Internship\Xhire_Tech\Projects\PayPing\backend\PayPing.API\bin\Debug\net9.0\PayPing.Domain.dll' because it is being used by another process. The file is locked by: "PayPing.API (23656)" [D:\Dev\Internship\Xhire_Tech\Projects\PayPing\backend\PayPing.API\PayPing.API.csproj]
C:\Program Files\dotnet\sdk\10.0.201\Microsoft.Common.CurrentVersion.targets(5094,5): warning MSB3026: Could not copy "D:\Dev\Internship\Xhire_Tech\Projects\PayPing\backend\PayPing.Infrastructure\bin\Debug\net9.0\PayPing.Infrastructure.dll" to "bin\Debug\net9.0\PayPing.Infrastructure.dll". Beginning retry 2 in 1000ms. The process cannot access the file 'D:\Dev\Internship\Xhire_Tech\Projects\PayPing\backend\PayPing.API\bin\Debug\net9.0\PayPing.Infrastructure.dll' because it is being used by another process. The file is locked by: "Microsoft Visual Studio (2280), PayPing.API (23656)" [D:\Dev\Internship\Xhire_Tech\Projects\PayPing\backend\PayPing.API\PayPing.API.csproj]
C:\Program Files\dotnet\sdk\10.0.201\Microsoft.Common.CurrentVersion.targets(5094,5): warning MSB3026: Could not copy "D:\Dev\Internship\Xhire_Tech\Projects\PayPing\backend\PayPing.Application\bin\Debug\net9.0\PayPing.Application.dll" to "bin\Debug\net9.0\PayPing.Application.dll". Beginning retry 3 in 1000ms. The process cannot access the file 'D:\Dev\Internship\Xhire_Tech\Projects\PayPing\backend\PayPing.API\bin\Debug\net9.0\PayPing.Application.dll' because it is being used by another process. The file is locked by: "PayPing.API (23656)" [D:\Dev\Internship\Xhire_Tech\Projects\PayPing\backend\PayPing.API\PayPing.API.csproj]
C:\Program Files\dotnet\sdk\10.0.201\Microsoft.Common.CurrentVersion.targets(5094,5): warning MSB3026: Could not copy "D:\Dev\Internship\Xhire_Tech\Projects\PayPing\backend\PayPing.Domain\bin\Debug\net9.0\PayPing.Domain.dll" to "bin\Debug\net9.0\PayPing.Domain.dll". Beginning retry 3 in 1000ms. The process cannot access the file 'D:\Dev\Internship\Xhire_Tech\Projects\PayPing\backend\PayPing.API\bin\Debug\net9.0\PayPing.Domain.dll' because it is being used by another process. The file is locked by: "PayPing.API (23656)" [D:\Dev\Internship\Xhire_Tech\Projects\PayPing\backend\PayPing.API\PayPing.API.csproj]
C:\Program Files\dotnet\sdk\10.0.201\Microsoft.Common.CurrentVersion.targets(5094,5): warning MSB3026: Could not copy "D:\Dev\Internship\Xhire_Tech\Projects\PayPing\backend\PayPing.Infrastructure\bin\Debug\net9.0\PayPing.Infrastructure.dll" to "bin\Debug\net9.0\PayPing.Infrastructure.dll". Beginning retry 3 in 1000ms. The process cannot access the file 'D:\Dev\Internship\Xhire_Tech\Projects\PayPing\backend\PayPing.API\bin\Debug\net9.0\PayPing.Infrastructure.dll' because it is being used by another process. The file is locked by: "Microsoft Visual Studio (2280), PayPing.API (23656)" [D:\Dev\Internship\Xhire_Tech\Projects\PayPing\backend\PayPing.API\PayPing.API.csproj]
C:\Program Files\dotnet\sdk\10.0.201\Microsoft.Common.CurrentVersion.targets(5094,5): warning MSB3026: Could not copy "D:\Dev\Internship\Xhire_Tech\Projects\PayPing\backend\PayPing.Application\bin\Debug\net9.0\PayPing.Application.dll" to "bin\Debug\net9.0\PayPing.Application.dll". Beginning retry 4 in 1000ms. The process cannot access the file 'D:\Dev\Internship\Xhire_Tech\Projects\PayPing\backend\PayPing.API\bin\Debug\net9.0\PayPing.Application.dll' because it is being used by another process. The file is locked by: "PayPing.API (23656)" [D:\Dev\Internship\Xhire_Tech\Projects\PayPing\backend\PayPing.API\PayPing.API.csproj]
C:\Program Files\dotnet\sdk\10.0.201\Microsoft.Common.CurrentVersion.targets(5094,5): warning MSB3026: Could not copy "D:\Dev\Internship\Xhire_Tech\Projects\PayPing\backend\PayPing.Domain\bin\Debug\net9.0\PayPing.Domain.dll" to "bin\Debug\net9.0\PayPing.Domain.dll". Beginning retry 4 in 1000ms. The process cannot access the file 'D:\Dev\Internship\Xhire_Tech\Projects\PayPing\backend\PayPing.API\bin\Debug\net9.0\PayPing.Domain.dll' because it is being used by another process. The file is locked by: "PayPing.API (23656)" [D:\Dev\Internship\Xhire_Tech\Projects\PayPing\backend\PayPing.API\PayPing.API.csproj]
C:\Program Files\dotnet\sdk\10.0.201\Microsoft.Common.CurrentVersion.targets(5094,5): warning MSB3026: Could not copy "D:\Dev\Internship\Xhire_Tech\Projects\PayPing\backend\PayPing.Infrastructure\bin\Debug\net9.0\PayPing.Infrastructure.dll" to "bin\Debug\net9.0\PayPing.Infrastructure.dll". Beginning retry 4 in 1000ms. The process cannot access the file 'D:\Dev\Internship\Xhire_Tech\Projects\PayPing\backend\PayPing.API\bin\Debug\net9.0\PayPing.Infrastructure.dll' because it is being used by another process. The file is locked by: "Microsoft Visual Studio (2280), PayPing.API (23656)" [D:\Dev\Internship\Xhire_Tech\Projects\PayPing\backend\PayPing.API\PayPing.API.csproj]
C:\Program Files\dotnet\sdk\10.0.201\Microsoft.Common.CurrentVersion.targets(5094,5): warning MSB3026: Could not copy "D:\Dev\Internship\Xhire_Tech\Projects\PayPing\backend\PayPing.Application\bin\Debug\net9.0\PayPing.Application.dll" to "bin\Debug\net9.0\PayPing.Application.dll". Beginning retry 5 in 1000ms. The process cannot access the file 'D:\Dev\Internship\Xhire_Tech\Projects\PayPing\backend\PayPing.API\bin\Debug\net9.0\PayPing.Application.dll' because it is being used by another process. The file is locked by: "PayPing.API (23656)" [D:\Dev\Internship\Xhire_Tech\Projects\PayPing\backend\PayPing.API\PayPing.API.csproj]
C:\Program Files\dotnet\sdk\10.0.201\Microsoft.Common.CurrentVersion.targets(5094,5): warning MSB3026: Could not copy "D:\Dev\Internship\Xhire_Tech\Projects\PayPing\backend\PayPing.Domain\bin\Debug\net9.0\PayPing.Domain.dll" to "bin\Debug\net9.0\PayPing.Domain.dll". Beginning retry 5 in 1000ms. The process cannot access the file 'D:\Dev\Internship\Xhire_Tech\Projects\PayPing\backend\PayPing.API\bin\Debug\net9.0\PayPing.Domain.dll' because it is being used by another process. The file is locked by: "PayPing.API (23656)" [D:\Dev\Internship\Xhire_Tech\Projects\PayPing\backend\PayPing.API\PayPing.API.csproj]
C:\Program Files\dotnet\sdk\10.0.201\Microsoft.Common.CurrentVersion.targets(5094,5): warning MSB3026: Could not copy "D:\Dev\Internship\Xhire_Tech\Projects\PayPing\backend\PayPing.Infrastructure\bin\Debug\net9.0\PayPing.Infrastructure.dll" to "bin\Debug\net9.0\PayPing.Infrastructure.dll". Beginning retry 5 in 1000ms. The process cannot access the file 'D:\Dev\Internship\Xhire_Tech\Projects\PayPing\backend\PayPing.API\bin\Debug\net9.0\PayPing.Infrastructure.dll' because it is being used by another process. The file is locked by: "Microsoft Visual Studio (2280), PayPing.API (23656)" [D:\Dev\Internship\Xhire_Tech\Projects\PayPing\backend\PayPing.API\PayPing.API.csproj]
C:\Program Files\dotnet\sdk\10.0.201\Microsoft.Common.CurrentVersion.targets(5094,5): warning MSB3026: Could not copy "D:\Dev\Internship\Xhire_Tech\Projects\PayPing\backend\PayPing.Application\bin\Debug\net9.0\PayPing.Application.dll" to "bin\Debug\net9.0\PayPing.Application.dll". Beginning retry 6 in 1000ms. The process cannot access the file 'D:\Dev\Internship\Xhire_Tech\Projects\PayPing\backend\PayPing.API\bin\Debug\net9.0\PayPing.Application.dll' because it is being used by another process. The file is locked by: "PayPing.API (23656)" [D:\Dev\Internship\Xhire_Tech\Projects\PayPing\backend\PayPing.API\PayPing.API.csproj]
C:\Program Files\dotnet\sdk\10.0.201\Microsoft.Common.CurrentVersion.targets(5094,5): warning MSB3026: Could not copy "D:\Dev\Internship\Xhire_Tech\Projects\PayPing\backend\PayPing.Domain\bin\Debug\net9.0\PayPing.Domain.dll" to "bin\Debug\net9.0\PayPing.Domain.dll". Beginning retry 6 in 1000ms. The process cannot access the file 'D:\Dev\Internship\Xhire_Tech\Projects\PayPing\backend\PayPing.API\bin\Debug\net9.0\PayPing.Domain.dll' because it is being used by another process. The file is locked by: "PayPing.API (23656)" [D:\Dev\Internship\Xhire_Tech\Projects\PayPing\backend\PayPing.API\PayPing.API.csproj]
C:\Program Files\dotnet\sdk\10.0.201\Microsoft.Common.CurrentVersion.targets(5094,5): warning MSB3026: Could not copy "D:\Dev\Internship\Xhire_Tech\Projects\PayPing\backend\PayPing.Infrastructure\bin\Debug\net9.0\PayPing.Infrastructure.dll" to "bin\Debug\net9.0\PayPing.Infrastructure.dll". Beginning retry 6 in 1000ms. The process cannot access the file 'D:\Dev\Internship\Xhire_Tech\Projects\PayPing\backend\PayPing.API\bin\Debug\net9.0\PayPing.Infrastructure.dll' because it is being used by another process. The file is locked by: "Microsoft Visual Studio (2280), PayPing.API (23656)" [D:\Dev\Internship\Xhire_Tech\Projects\PayPing\backend\PayPing.API\PayPing.API.csproj]
C:\Program Files\dotnet\sdk\10.0.201\Microsoft.Common.CurrentVersion.targets(5094,5): warning MSB3026: Could not copy "D:\Dev\Internship\Xhire_Tech\Projects\PayPing\backend\PayPing.Application\bin\Debug\net9.0\PayPing.Application.dll" to "bin\Debug\net9.0\PayPing.Application.dll". Beginning retry 7 in 1000ms. The process cannot access the file 'D:\Dev\Internship\Xhire_Tech\Projects\PayPing\backend\PayPing.API\bin\Debug\net9.0\PayPing.Application.dll' because it is being used by another process. The file is locked by: "PayPing.API (23656)" [D:\Dev\Internship\Xhire_Tech\Projects\PayPing\backend\PayPing.API\PayPing.API.csproj]
C:\Program Files\dotnet\sdk\10.0.201\Microsoft.Common.CurrentVersion.targets(5094,5): warning MSB3026: Could not copy "D:\Dev\Internship\Xhire_Tech\Projects\PayPing\backend\PayPing.Domain\bin\Debug\net9.0\PayPing.Domain.dll" to "bin\Debug\net9.0\PayPing.Domain.dll". Beginning retry 7 in 1000ms. The process cannot access the file 'D:\Dev\Internship\Xhire_Tech\Projects\PayPing\backend\PayPing.API\bin\Debug\net9.0\PayPing.Domain.dll' because it is being used by another process. The file is locked by: "PayPing.API (23656)" [D:\Dev\Internship\Xhire_Tech\Projects\PayPing\backend\PayPing.API\PayPing.API.csproj]
C:\Program Files\dotnet\sdk\10.0.201\Microsoft.Common.CurrentVersion.targets(5094,5): warning MSB3026: Could not copy "D:\Dev\Internship\Xhire_Tech\Projects\PayPing\backend\PayPing.Infrastructure\bin\Debug\net9.0\PayPing.Infrastructure.dll" to "bin\Debug\net9.0\PayPing.Infrastructure.dll". Beginning retry 7 in 1000ms. The process cannot access the file 'D:\Dev\Internship\Xhire_Tech\Projects\PayPing\backend\PayPing.API\bin\Debug\net9.0\PayPing.Infrastructure.dll' because it is being used by another process. The file is locked by: "Microsoft Visual Studio (2280), PayPing.API (23656)" [D:\Dev\Internship\Xhire_Tech\Projects\PayPing\backend\PayPing.API\PayPing.API.csproj]
C:\Program Files\dotnet\sdk\10.0.201\Microsoft.Common.CurrentVersion.targets(5094,5): warning MSB3026: Could not copy "D:\Dev\Internship\Xhire_Tech\Projects\PayPing\backend\PayPing.Application\bin\Debug\net9.0\PayPing.Application.dll" to "bin\Debug\net9.0\PayPing.Application.dll". Beginning retry 8 in 1000ms. The process cannot access the file 'D:\Dev\Internship\Xhire_Tech\Projects\PayPing\backend\PayPing.API\bin\Debug\net9.0\PayPing.Application.dll' because it is being used by another process. The file is locked by: "PayPing.API (23656)" [D:\Dev\Internship\Xhire_Tech\Projects\PayPing\backend\PayPing.API\PayPing.API.csproj]
C:\Program Files\dotnet\sdk\10.0.201\Microsoft.Common.CurrentVersion.targets(5094,5): warning MSB3026: Could not copy "D:\Dev\Internship\Xhire_Tech\Projects\PayPing\backend\PayPing.Domain\bin\Debug\net9.0\PayPing.Domain.dll" to "bin\Debug\net9.0\PayPing.Domain.dll". Beginning retry 8 in 1000ms. The process cannot access the file 'D:\Dev\Internship\Xhire_Tech\Projects\PayPing\backend\PayPing.API\bin\Debug\net9.0\PayPing.Domain.dll' because it is being used by another process. The file is locked by: "PayPing.API (23656)" [D:\Dev\Internship\Xhire_Tech\Projects\PayPing\backend\PayPing.API\PayPing.API.csproj]
C:\Program Files\dotnet\sdk\10.0.201\Microsoft.Common.CurrentVersion.targets(5094,5): warning MSB3026: Could not copy "D:\Dev\Internship\Xhire_Tech\Projects\PayPing\backend\PayPing.Infrastructure\bin\Debug\net9.0\PayPing.Infrastructure.dll" to "bin\Debug\net9.0\PayPing.Infrastructure.dll". Beginning retry 8 in 1000ms. The process cannot access the file 'D:\Dev\Internship\Xhire_Tech\Projects\PayPing\backend\PayPing.API\bin\Debug\net9.0\PayPing.Infrastructure.dll' because it is being used by another process. The file is locked by: "Microsoft Visual Studio (2280), PayPing.API (23656)" [D:\Dev\Internship\Xhire_Tech\Projects\PayPing\backend\PayPing.API\PayPing.API.csproj]
C:\Program Files\dotnet\sdk\10.0.201\Microsoft.Common.CurrentVersion.targets(5094,5): warning MSB3026: Could not copy "D:\Dev\Internship\Xhire_Tech\Projects\PayPing\backend\PayPing.Application\bin\Debug\net9.0\PayPing.Application.dll" to "bin\Debug\net9.0\PayPing.Application.dll". Beginning retry 9 in 1000ms. The process cannot access the file 'D:\Dev\Internship\Xhire_Tech\Projects\PayPing\backend\PayPing.API\bin\Debug\net9.0\PayPing.Application.dll' because it is being used by another process. The file is locked by: "PayPing.API (23656)" [D:\Dev\Internship\Xhire_Tech\Projects\PayPing\backend\PayPing.API\PayPing.API.csproj]
C:\Program Files\dotnet\sdk\10.0.201\Microsoft.Common.CurrentVersion.targets(5094,5): warning MSB3026: Could not copy "D:\Dev\Internship\Xhire_Tech\Projects\PayPing\backend\PayPing.Domain\bin\Debug\net9.0\PayPing.Domain.dll" to "bin\Debug\net9.0\PayPing.Domain.dll". Beginning retry 9 in 1000ms. The process cannot access the file 'D:\Dev\Internship\Xhire_Tech\Projects\PayPing\backend\PayPing.API\bin\Debug\net9.0\PayPing.Domain.dll' because it is being used by another process. The file is locked by: "PayPing.API (23656)" [D:\Dev\Internship\Xhire_Tech\Projects\PayPing\backend\PayPing.API\PayPing.API.csproj]
C:\Program Files\dotnet\sdk\10.0.201\Microsoft.Common.CurrentVersion.targets(5094,5): warning MSB3026: Could not copy "D:\Dev\Internship\Xhire_Tech\Projects\PayPing\backend\PayPing.Infrastructure\bin\Debug\net9.0\PayPing.Infrastructure.dll" to "bin\Debug\net9.0\PayPing.Infrastructure.dll". Beginning retry 9 in 1000ms. The process cannot access the file 'D:\Dev\Internship\Xhire_Tech\Projects\PayPing\backend\PayPing.API\bin\Debug\net9.0\PayPing.Infrastructure.dll' because it is being used by another process. The file is locked by: "Microsoft Visual Studio (2280), PayPing.API (23656)" [D:\Dev\Internship\Xhire_Tech\Projects\PayPing\backend\PayPing.API\PayPing.API.csproj]
C:\Program Files\dotnet\sdk\10.0.201\Microsoft.Common.CurrentVersion.targets(5094,5): warning MSB3026: Could not copy "D:\Dev\Internship\Xhire_Tech\Projects\PayPing\backend\PayPing.Application\bin\Debug\net9.0\PayPing.Application.dll" to "bin\Debug\net9.0\PayPing.Application.dll". Beginning retry 10 in 1000ms. The process cannot access the file 'D:\Dev\Internship\Xhire_Tech\Projects\PayPing\backend\PayPing.API\bin\Debug\net9.0\PayPing.Application.dll' because it is being used by another process. The file is locked by: "PayPing.API (23656)" [D:\Dev\Internship\Xhire_Tech\Projects\PayPing\backend\PayPing.API\PayPing.API.csproj]
C:\Program Files\dotnet\sdk\10.0.201\Microsoft.Common.CurrentVersion.targets(5094,5): warning MSB3026: Could not copy "D:\Dev\Internship\Xhire_Tech\Projects\PayPing\backend\PayPing.Domain\bin\Debug\net9.0\PayPing.Domain.dll" to "bin\Debug\net9.0\PayPing.Domain.dll". Beginning retry 10 in 1000ms. The process cannot access the file 'D:\Dev\Internship\Xhire_Tech\Projects\PayPing\backend\PayPing.API\bin\Debug\net9.0\PayPing.Domain.dll' because it is being used by another process. The file is locked by: "PayPing.API (23656)" [D:\Dev\Internship\Xhire_Tech\Projects\PayPing\backend\PayPing.API\PayPing.API.csproj]
C:\Program Files\dotnet\sdk\10.0.201\Microsoft.Common.CurrentVersion.targets(5094,5): warning MSB3026: Could not copy "D:\Dev\Internship\Xhire_Tech\Projects\PayPing\backend\PayPing.Infrastructure\bin\Debug\net9.0\PayPing.Infrastructure.dll" to "bin\Debug\net9.0\PayPing.Infrastructure.dll". Beginning retry 10 in 1000ms. The process cannot access the file 'D:\Dev\Internship\Xhire_Tech\Projects\PayPing\backend\PayPing.API\bin\Debug\net9.0\PayPing.Infrastructure.dll' because it is being used by another process. The file is locked by: "Microsoft Visual Studio (2280), PayPing.API (23656)" [D:\Dev\Internship\Xhire_Tech\Projects\PayPing\backend\PayPing.API\PayPing.API.csproj]
C:\Program Files\dotnet\sdk\10.0.201\Microsoft.Common.CurrentVersion.targets(5094,5): error MSB3027: Could not copy "D:\Dev\Internship\Xhire_Tech\Projects\PayPing\backend\PayPing.Application\bin\Debug\net9.0\PayPing.Application.dll" to "bin\Debug\net9.0\PayPing.Application.dll". Exceeded retry count of 10. Failed. The file is locked by: "PayPing.API (23656)" [D:\Dev\Internship\Xhire_Tech\Projects\PayPing\backend\PayPing.API\PayPing.API.csproj]
C:\Program Files\dotnet\sdk\10.0.201\Microsoft.Common.CurrentVersion.targets(5094,5): error MSB3021: Unable to copy file "D:\Dev\Internship\Xhire_Tech\Projects\PayPing\backend\PayPing.Application\bin\Debug\net9.0\PayPing.Application.dll" to "bin\Debug\net9.0\PayPing.Application.dll". The process cannot access the file 'D:\Dev\Internship\Xhire_Tech\Projects\PayPing\backend\PayPing.API\bin\Debug\net9.0\PayPing.Application.dll' because it is being used by another process. [D:\Dev\Internship\Xhire_Tech\Projects\PayPing\backend\PayPing.API\PayPing.API.csproj]
C:\Program Files\dotnet\sdk\10.0.201\Microsoft.Common.CurrentVersion.targets(5094,5): error MSB3027: Could not copy "D:\Dev\Internship\Xhire_Tech\Projects\PayPing\backend\PayPing.Domain\bin\Debug\net9.0\PayPing.Domain.dll" to "bin\Debug\net9.0\PayPing.Domain.dll". Exceeded retry count of 10. Failed. The file is locked by: "PayPing.API (23656)" [D:\Dev\Internship\Xhire_Tech\Projects\PayPing\backend\PayPing.API\PayPing.API.csproj]
C:\Program Files\dotnet\sdk\10.0.201\Microsoft.Common.CurrentVersion.targets(5094,5): error MSB3021: Unable to copy file "D:\Dev\Internship\Xhire_Tech\Projects\PayPing\backend\PayPing.Domain\bin\Debug\net9.0\PayPing.Domain.dll" to "bin\Debug\net9.0\PayPing.Domain.dll". The process cannot access the file 'D:\Dev\Internship\Xhire_Tech\Projects\PayPing\backend\PayPing.API\bin\Debug\net9.0\PayPing.Domain.dll' because it is being used by another process. [D:\Dev\Internship\Xhire_Tech\Projects\PayPing\backend\PayPing.API\PayPing.API.csproj]
C:\Program Files\dotnet\sdk\10.0.201\Microsoft.Common.CurrentVersion.targets(5094,5): error MSB3027: Could not copy "D:\Dev\Internship\Xhire_Tech\Projects\PayPing\backend\PayPing.Infrastructure\bin\Debug\net9.0\PayPing.Infrastructure.dll" to "bin\Debug\net9.0\PayPing.Infrastructure.dll". Exceeded retry count of 10. Failed. The file is locked by: "Microsoft Visual Studio (2280), PayPing.API (23656)" [D:\Dev\Internship\Xhire_Tech\Projects\PayPing\backend\PayPing.API\PayPing.API.csproj]
C:\Program Files\dotnet\sdk\10.0.201\Microsoft.Common.CurrentVersion.targets(5094,5): error MSB3021: Unable to copy file "D:\Dev\Internship\Xhire_Tech\Projects\PayPing\backend\PayPing.Infrastructure\bin\Debug\net9.0\PayPing.Infrastructure.dll" to "bin\Debug\net9.0\PayPing.Infrastructure.dll". The process cannot access the file 'D:\Dev\Internship\Xhire_Tech\Projects\PayPing\backend\PayPing.API\bin\Debug\net9.0\PayPing.Infrastructure.dll' because it is being used by another process. [D:\Dev\Internship\Xhire_Tech\Projects\PayPing\backend\PayPing.API\PayPing.API.csproj]

Build FAILED.

C:\Program Files\dotnet\sdk\10.0.201\Microsoft.Common.CurrentVersion.targets(5094,5): warning MSB3026: Could not copy "D:\Dev\Internship\Xhire_Tech\Projects\PayPing\backend\PayPing.Domain\bin\Debug\net9.0\PayPing.Domain.dll" to "bin\Debug\net9.0\PayPing.Domain.dll". Beginning retry 1 in 1000ms. The process cannot access the file 'D:\Dev\Internship\Xhire_Tech\Projects\PayPing\backend\PayPing.API\bin\Debug\net9.0\PayPing.Domain.dll' because it is being used by another process. The file is locked by: "PayPing.API (23656)" [D:\Dev\Internship\Xhire_Tech\Projects\PayPing\backend\PayPing.API\PayPing.API.csproj]
C:\Program Files\dotnet\sdk\10.0.201\Microsoft.Common.CurrentVersion.targets(5094,5): warning MSB3026: Could not copy "D:\Dev\Internship\Xhire_Tech\Projects\PayPing\backend\PayPing.Application\bin\Debug\net9.0\PayPing.Application.dll" to "bin\Debug\net9.0\PayPing.Application.dll". Beginning retry 1 in 1000ms. The process cannot access the file 'D:\Dev\Internship\Xhire_Tech\Projects\PayPing\backend\PayPing.API\bin\Debug\net9.0\PayPing.Application.dll' because it is being used by another process. The file is locked by: "PayPing.API (23656)" [D:\Dev\Internship\Xhire_Tech\Projects\PayPing\backend\PayPing.API\PayPing.API.csproj]
C:\Program Files\dotnet\sdk\10.0.201\Microsoft.Common.CurrentVersion.targets(5094,5): warning MSB3026: Could not copy "D:\Dev\Internship\Xhire_Tech\Projects\PayPing\backend\PayPing.Infrastructure\bin\Debug\net9.0\PayPing.Infrastructure.dll" to "bin\Debug\net9.0\PayPing.Infrastructure.dll". Beginning retry 1 in 1000ms. The process cannot access the file 'D:\Dev\Internship\Xhire_Tech\Projects\PayPing\backend\PayPing.API\bin\Debug\net9.0\PayPing.Infrastructure.dll' because it is being used by another process. The file is locked by: "Microsoft Visual Studio (2280), PayPing.API (23656)" [D:\Dev\Internship\Xhire_Tech\Projects\PayPing\backend\PayPing.API\PayPing.API.csproj]
C:\Program Files\dotnet\sdk\10.0.201\Microsoft.Common.CurrentVersion.targets(5094,5): warning MSB3026: Could not copy "D:\Dev\Internship\Xhire_Tech\Projects\PayPing\backend\PayPing.Application\bin\Debug\net9.0\PayPing.Application.dll" to "bin\Debug\net9.0\PayPing.Application.dll". Beginning retry 2 in 1000ms. The process cannot access the file 'D:\Dev\Internship\Xhire_Tech\Projects\PayPing\backend\PayPing.API\bin\Debug\net9.0\PayPing.Application.dll' because it is being used by another process. The file is locked by: "PayPing.API (23656)" [D:\Dev\Internship\Xhire_Tech\Projects\PayPing\backend\PayPing.API\PayPing.API.csproj]
C:\Program Files\dotnet\sdk\10.0.201\Microsoft.Common.CurrentVersion.targets(5094,5): warning MSB3026: Could not copy "D:\Dev\Internship\Xhire_Tech\Projects\PayPing\backend\PayPing.Domain\bin\Debug\net9.0\PayPing.Domain.dll" to "bin\Debug\net9.0\PayPing.Domain.dll". Beginning retry 2 in 1000ms. The process cannot access the file 'D:\Dev\Internship\Xhire_Tech\Projects\PayPing\backend\PayPing.API\bin\Debug\net9.0\PayPing.Domain.dll' because it is being used by another process. The file is locked by: "PayPing.API (23656)" [D:\Dev\Internship\Xhire_Tech\Projects\PayPing\backend\PayPing.API\PayPing.API.csproj]
C:\Program Files\dotnet\sdk\10.0.201\Microsoft.Common.CurrentVersion.targets(5094,5): warning MSB3026: Could not copy "D:\Dev\Internship\Xhire_Tech\Projects\PayPing\backend\PayPing.Infrastructure\bin\Debug\net9.0\PayPing.Infrastructure.dll" to "bin\Debug\net9.0\PayPing.Infrastructure.dll". Beginning retry 2 in 1000ms. The process cannot access the file 'D:\Dev\Internship\Xhire_Tech\Projects\PayPing\backend\PayPing.API\bin\Debug\net9.0\PayPing.Infrastructure.dll' because it is being used by another process. The file is locked by: "Microsoft Visual Studio (2280), PayPing.API (23656)" [D:\Dev\Internship\Xhire_Tech\Projects\PayPing\backend\PayPing.API\PayPing.API.csproj]
C:\Program Files\dotnet\sdk\10.0.201\Microsoft.Common.CurrentVersion.targets(5094,5): warning MSB3026: Could not copy "D:\Dev\Internship\Xhire_Tech\Projects\PayPing\backend\PayPing.Application\bin\Debug\net9.0\PayPing.Application.dll" to "bin\Debug\net9.0\PayPing.Application.dll". Beginning retry 3 in 1000ms. The process cannot access the file 'D:\Dev\Internship\Xhire_Tech\Projects\PayPing\backend\PayPing.API\bin\Debug\net9.0\PayPing.Application.dll' because it is being used by another process. The file is locked by: "PayPing.API (23656)" [D:\Dev\Internship\Xhire_Tech\Projects\PayPing\backend\PayPing.API\PayPing.API.csproj]
C:\Program Files\dotnet\sdk\10.0.201\Microsoft.Common.CurrentVersion.targets(5094,5): warning MSB3026: Could not copy "D:\Dev\Internship\Xhire_Tech\Projects\PayPing\backend\PayPing.Domain\bin\Debug\net9.0\PayPing.Domain.dll" to "bin\Debug\net9.0\PayPing.Domain.dll". Beginning retry 3 in 1000ms. The process cannot access the file 'D:\Dev\Internship\Xhire_Tech\Projects\PayPing\backend\PayPing.API\bin\Debug\net9.0\PayPing.Domain.dll' because it is being used by another process. The file is locked by: "PayPing.API (23656)" [D:\Dev\Internship\Xhire_Tech\Projects\PayPing\backend\PayPing.API\PayPing.API.csproj]
C:\Program Files\dotnet\sdk\10.0.201\Microsoft.Common.CurrentVersion.targets(5094,5): warning MSB3026: Could not copy "D:\Dev\Internship\Xhire_Tech\Projects\PayPing\backend\PayPing.Infrastructure\bin\Debug\net9.0\PayPing.Infrastructure.dll" to "bin\Debug\net9.0\PayPing.Infrastructure.dll". Beginning retry 3 in 1000ms. The process cannot access the file 'D:\Dev\Internship\Xhire_Tech\Projects\PayPing\backend\PayPing.API\bin\Debug\net9.0\PayPing.Infrastructure.dll' because it is being used by another process. The file is locked by: "Microsoft Visual Studio (2280), PayPing.API (23656)" [D:\Dev\Internship\Xhire_Tech\Projects\PayPing\backend\PayPing.API\PayPing.API.csproj]
C:\Program Files\dotnet\sdk\10.0.201\Microsoft.Common.CurrentVersion.targets(5094,5): warning MSB3026: Could not copy "D:\Dev\Internship\Xhire_Tech\Projects\PayPing\backend\PayPing.Application\bin\Debug\net9.0\PayPing.Application.dll" to "bin\Debug\net9.0\PayPing.Application.dll". Beginning retry 4 in 1000ms. The process cannot access the file 'D:\Dev\Internship\Xhire_Tech\Projects\PayPing\backend\PayPing.API\bin\Debug\net9.0\PayPing.Application.dll' because it is being used by another process. The file is locked by: "PayPing.API (23656)" [D:\Dev\Internship\Xhire_Tech\Projects\PayPing\backend\PayPing.API\PayPing.API.csproj]
C:\Program Files\dotnet\sdk\10.0.201\Microsoft.Common.CurrentVersion.targets(5094,5): warning MSB3026: Could not copy "D:\Dev\Internship\Xhire_Tech\Projects\PayPing\backend\PayPing.Domain\bin\Debug\net9.0\PayPing.Domain.dll" to "bin\Debug\net9.0\PayPing.Domain.dll". Beginning retry 4 in 1000ms. The process cannot access the file 'D:\Dev\Internship\Xhire_Tech\Projects\PayPing\backend\PayPing.API\bin\Debug\net9.0\PayPing.Domain.dll' because it is being used by another process. The file is locked by: "PayPing.API (23656)" [D:\Dev\Internship\Xhire_Tech\Projects\PayPing\backend\PayPing.API\PayPing.API.csproj]
C:\Program Files\dotnet\sdk\10.0.201\Microsoft.Common.CurrentVersion.targets(5094,5): warning MSB3026: Could not copy "D:\Dev\Internship\Xhire_Tech\Projects\PayPing\backend\PayPing.Infrastructure\bin\Debug\net9.0\PayPing.Infrastructure.dll" to "bin\Debug\net9.0\PayPing.Infrastructure.dll". Beginning retry 4 in 1000ms. The process cannot access the file 'D:\Dev\Internship\Xhire_Tech\Projects\PayPing\backend\PayPing.API\bin\Debug\net9.0\PayPing.Infrastructure.dll' because it is being used by another process. The file is locked by: "Microsoft Visual Studio (2280), PayPing.API (23656)" [D:\Dev\Internship\Xhire_Tech\Projects\PayPing\backend\PayPing.API\PayPing.API.csproj]
C:\Program Files\dotnet\sdk\10.0.201\Microsoft.Common.CurrentVersion.targets(5094,5): warning MSB3026: Could not copy "D:\Dev\Internship\Xhire_Tech\Projects\PayPing\backend\PayPing.Application\bin\Debug\net9.0\PayPing.Application.dll" to "bin\Debug\net9.0\PayPing.Application.dll". Beginning retry 5 in 1000ms. The process cannot access the file 'D:\Dev\Internship\Xhire_Tech\Projects\PayPing\backend\PayPing.API\bin\Debug\net9.0\PayPing.Application.dll' because it is being used by another process. The file is locked by: "PayPing.API (23656)" [D:\Dev\Internship\Xhire_Tech\Projects\PayPing\backend\PayPing.API\PayPing.API.csproj]
C:\Program Files\dotnet\sdk\10.0.201\Microsoft.Common.CurrentVersion.targets(5094,5): warning MSB3026: Could not copy "D:\Dev\Internship\Xhire_Tech\Projects\PayPing\backend\PayPing.Domain\bin\Debug\net9.0\PayPing.Domain.dll" to "bin\Debug\net9.0\PayPing.Domain.dll". Beginning retry 5 in 1000ms. The process cannot access the file 'D:\Dev\Internship\Xhire_Tech\Projects\PayPing\backend\PayPing.API\bin\Debug\net9.0\PayPing.Domain.dll' because it is being used by another process. The file is locked by: "PayPing.API (23656)" [D:\Dev\Internship\Xhire_Tech\Projects\PayPing\backend\PayPing.API\PayPing.API.csproj]
C:\Program Files\dotnet\sdk\10.0.201\Microsoft.Common.CurrentVersion.targets(5094,5): warning MSB3026: Could not copy "D:\Dev\Internship\Xhire_Tech\Projects\PayPing\backend\PayPing.Infrastructure\bin\Debug\net9.0\PayPing.Infrastructure.dll" to "bin\Debug\net9.0\PayPing.Infrastructure.dll". Beginning retry 5 in 1000ms. The process cannot access the file 'D:\Dev\Internship\Xhire_Tech\Projects\PayPing\backend\PayPing.API\bin\Debug\net9.0\PayPing.Infrastructure.dll' because it is being used by another process. The file is locked by: "Microsoft Visual Studio (2280), PayPing.API (23656)" [D:\Dev\Internship\Xhire_Tech\Projects\PayPing\backend\PayPing.API\PayPing.API.csproj]
C:\Program Files\dotnet\sdk\10.0.201\Microsoft.Common.CurrentVersion.targets(5094,5): warning MSB3026: Could not copy "D:\Dev\Internship\Xhire_Tech\Projects\PayPing\backend\PayPing.Application\bin\Debug\net9.0\PayPing.Application.dll" to "bin\Debug\net9.0\PayPing.Application.dll". Beginning retry 6 in 1000ms. The process cannot access the file 'D:\Dev\Internship\Xhire_Tech\Projects\PayPing\backend\PayPing.API\bin\Debug\net9.0\PayPing.Application.dll' because it is being used by another process. The file is locked by: "PayPing.API (23656)" [D:\Dev\Internship\Xhire_Tech\Projects\PayPing\backend\PayPing.API\PayPing.API.csproj]
C:\Program Files\dotnet\sdk\10.0.201\Microsoft.Common.CurrentVersion.targets(5094,5): warning MSB3026: Could not copy "D:\Dev\Internship\Xhire_Tech\Projects\PayPing\backend\PayPing.Domain\bin\Debug\net9.0\PayPing.Domain.dll" to "bin\Debug\net9.0\PayPing.Domain.dll". Beginning retry 6 in 1000ms. The process cannot access the file 'D:\Dev\Internship\Xhire_Tech\Projects\PayPing\backend\PayPing.API\bin\Debug\net9.0\PayPing.Domain.dll' because it is being used by another process. The file is locked by: "PayPing.API (23656)" [D:\Dev\Internship\Xhire_Tech\Projects\PayPing\backend\PayPing.API\PayPing.API.csproj]
C:\Program Files\dotnet\sdk\10.0.201\Microsoft.Common.CurrentVersion.targets(5094,5): warning MSB3026: Could not copy "D:\Dev\Internship\Xhire_Tech\Projects\PayPing\backend\PayPing.Infrastructure\bin\Debug\net9.0\PayPing.Infrastructure.dll" to "bin\Debug\net9.0\PayPing.Infrastructure.dll". Beginning retry 6 in 1000ms. The process cannot access the file 'D:\Dev\Internship\Xhire_Tech\Projects\PayPing\backend\PayPing.API\bin\Debug\net9.0\PayPing.Infrastructure.dll' because it is being used by another process. The file is locked by: "Microsoft Visual Studio (2280), PayPing.API (23656)" [D:\Dev\Internship\Xhire_Tech\Projects\PayPing\backend\PayPing.API\PayPing.API.csproj]
C:\Program Files\dotnet\sdk\10.0.201\Microsoft.Common.CurrentVersion.targets(5094,5): warning MSB3026: Could not copy "D:\Dev\Internship\Xhire_Tech\Projects\PayPing\backend\PayPing.Application\bin\Debug\net9.0\PayPing.Application.dll" to "bin\Debug\net9.0\PayPing.Application.dll". Beginning retry 7 in 1000ms. The process cannot access the file 'D:\Dev\Internship\Xhire_Tech\Projects\PayPing\backend\PayPing.API\bin\Debug\net9.0\PayPing.Application.dll' because it is being used by another process. The file is locked by: "PayPing.API (23656)" [D:\Dev\Internship\Xhire_Tech\Projects\PayPing\backend\PayPing.API\PayPing.API.csproj]
C:\Program Files\dotnet\sdk\10.0.201\Microsoft.Common.CurrentVersion.targets(5094,5): warning MSB3026: Could not copy "D:\Dev\Internship\Xhire_Tech\Projects\PayPing\backend\PayPing.Domain\bin\Debug\net9.0\PayPing.Domain.dll" to "bin\Debug\net9.0\PayPing.Domain.dll". Beginning retry 7 in 1000ms. The process cannot access the file 'D:\Dev\Internship\Xhire_Tech\Projects\PayPing\backend\PayPing.API\bin\Debug\net9.0\PayPing.Domain.dll' because it is being used by another process. The file is locked by: "PayPing.API (23656)" [D:\Dev\Internship\Xhire_Tech\Projects\PayPing\backend\PayPing.API\PayPing.API.csproj]
C:\Program Files\dotnet\sdk\10.0.201\Microsoft.Common.CurrentVersion.targets(5094,5): warning MSB3026: Could not copy "D:\Dev\Internship\Xhire_Tech\Projects\PayPing\backend\PayPing.Infrastructure\bin\Debug\net9.0\PayPing.Infrastructure.dll" to "bin\Debug\net9.0\PayPing.Infrastructure.dll". Beginning retry 7 in 1000ms. The process cannot access the file 'D:\Dev\Internship\Xhire_Tech\Projects\PayPing\backend\PayPing.API\bin\Debug\net9.0\PayPing.Infrastructure.dll' because it is being used by another process. The file is locked by: "Microsoft Visual Studio (2280), PayPing.API (23656)" [D:\Dev\Internship\Xhire_Tech\Projects\PayPing\backend\PayPing.API\PayPing.API.csproj]
C:\Program Files\dotnet\sdk\10.0.201\Microsoft.Common.CurrentVersion.targets(5094,5): warning MSB3026: Could not copy "D:\Dev\Internship\Xhire_Tech\Projects\PayPing\backend\PayPing.Application\bin\Debug\net9.0\PayPing.Application.dll" to "bin\Debug\net9.0\PayPing.Application.dll". Beginning retry 8 in 1000ms. The process cannot access the file 'D:\Dev\Internship\Xhire_Tech\Projects\PayPing\backend\PayPing.API\bin\Debug\net9.0\PayPing.Application.dll' because it is being used by another process. The file is locked by: "PayPing.API (23656)" [D:\Dev\Internship\Xhire_Tech\Projects\PayPing\backend\PayPing.API\PayPing.API.csproj]
C:\Program Files\dotnet\sdk\10.0.201\Microsoft.Common.CurrentVersion.targets(5094,5): warning MSB3026: Could not copy "D:\Dev\Internship\Xhire_Tech\Projects\PayPing\backend\PayPing.Domain\bin\Debug\net9.0\PayPing.Domain.dll" to "bin\Debug\net9.0\PayPing.Domain.dll". Beginning retry 8 in 1000ms. The process cannot access the file 'D:\Dev\Internship\Xhire_Tech\Projects\PayPing\backend\PayPing.API\bin\Debug\net9.0\PayPing.Domain.dll' because it is being used by another process. The file is locked by: "PayPing.API (23656)" [D:\Dev\Internship\Xhire_Tech\Projects\PayPing\backend\PayPing.API\PayPing.API.csproj]
C:\Program Files\dotnet\sdk\10.0.201\Microsoft.Common.CurrentVersion.targets(5094,5): warning MSB3026: Could not copy "D:\Dev\Internship\Xhire_Tech\Projects\PayPing\backend\PayPing.Infrastructure\bin\Debug\net9.0\PayPing.Infrastructure.dll" to "bin\Debug\net9.0\PayPing.Infrastructure.dll". Beginning retry 8 in 1000ms. The process cannot access the file 'D:\Dev\Internship\Xhire_Tech\Projects\PayPing\backend\PayPing.API\bin\Debug\net9.0\PayPing.Infrastructure.dll' because it is being used by another process. The file is locked by: "Microsoft Visual Studio (2280), PayPing.API (23656)" [D:\Dev\Internship\Xhire_Tech\Projects\PayPing\backend\PayPing.API\PayPing.API.csproj]
C:\Program Files\dotnet\sdk\10.0.201\Microsoft.Common.CurrentVersion.targets(5094,5): warning MSB3026: Could not copy "D:\Dev\Internship\Xhire_Tech\Projects\PayPing\backend\PayPing.Application\bin\Debug\net9.0\PayPing.Application.dll" to "bin\Debug\net9.0\PayPing.Application.dll". Beginning retry 9 in 1000ms. The process cannot access the file 'D:\Dev\Internship\Xhire_Tech\Projects\PayPing\backend\PayPing.API\bin\Debug\net9.0\PayPing.Application.dll' because it is being used by another process. The file is locked by: "PayPing.API (23656)" [D:\Dev\Internship\Xhire_Tech\Projects\PayPing\backend\PayPing.API\PayPing.API.csproj]
C:\Program Files\dotnet\sdk\10.0.201\Microsoft.Common.CurrentVersion.targets(5094,5): warning MSB3026: Could not copy "D:\Dev\Internship\Xhire_Tech\Projects\PayPing\backend\PayPing.Domain\bin\Debug\net9.0\PayPing.Domain.dll" to "bin\Debug\net9.0\PayPing.Domain.dll". Beginning retry 9 in 1000ms. The process cannot access the file 'D:\Dev\Internship\Xhire_Tech\Projects\PayPing\backend\PayPing.API\bin\Debug\net9.0\PayPing.Domain.dll' because it is being used by another process. The file is locked by: "PayPing.API (23656)" [D:\Dev\Internship\Xhire_Tech\Projects\PayPing\backend\PayPing.API\PayPing.API.csproj]
C:\Program Files\dotnet\sdk\10.0.201\Microsoft.Common.CurrentVersion.targets(5094,5): warning MSB3026: Could not copy "D:\Dev\Internship\Xhire_Tech\Projects\PayPing\backend\PayPing.Infrastructure\bin\Debug\net9.0\PayPing.Infrastructure.dll" to "bin\Debug\net9.0\PayPing.Infrastructure.dll". Beginning retry 9 in 1000ms. The process cannot access the file 'D:\Dev\Internship\Xhire_Tech\Projects\PayPing\backend\PayPing.API\bin\Debug\net9.0\PayPing.Infrastructure.dll' because it is being used by another process. The file is locked by: "Microsoft Visual Studio (2280), PayPing.API (23656)" [D:\Dev\Internship\Xhire_Tech\Projects\PayPing\backend\PayPing.API\PayPing.API.csproj]
C:\Program Files\dotnet\sdk\10.0.201\Microsoft.Common.CurrentVersion.targets(5094,5): warning MSB3026: Could not copy "D:\Dev\Internship\Xhire_Tech\Projects\PayPing\backend\PayPing.Application\bin\Debug\net9.0\PayPing.Application.dll" to "bin\Debug\net9.0\PayPing.Application.dll". Beginning retry 10 in 1000ms. The process cannot access the file 'D:\Dev\Internship\Xhire_Tech\Projects\PayPing\backend\PayPing.API\bin\Debug\net9.0\PayPing.Application.dll' because it is being used by another process. The file is locked by: "PayPing.API (23656)" [D:\Dev\Internship\Xhire_Tech\Projects\PayPing\backend\PayPing.API\PayPing.API.csproj]
C:\Program Files\dotnet\sdk\10.0.201\Microsoft.Common.CurrentVersion.targets(5094,5): warning MSB3026: Could not copy "D:\Dev\Internship\Xhire_Tech\Projects\PayPing\backend\PayPing.Domain\bin\Debug\net9.0\PayPing.Domain.dll" to "bin\Debug\net9.0\PayPing.Domain.dll". Beginning retry 10 in 1000ms. The process cannot access the file 'D:\Dev\Internship\Xhire_Tech\Projects\PayPing\backend\PayPing.API\bin\Debug\net9.0\PayPing.Domain.dll' because it is being used by another process. The file is locked by: "PayPing.API (23656)" [D:\Dev\Internship\Xhire_Tech\Projects\PayPing\backend\PayPing.API\PayPing.API.csproj]
C:\Program Files\dotnet\sdk\10.0.201\Microsoft.Common.CurrentVersion.targets(5094,5): warning MSB3026: Could not copy "D:\Dev\Internship\Xhire_Tech\Projects\PayPing\backend\PayPing.Infrastructure\bin\Debug\net9.0\PayPing.Infrastructure.dll" to "bin\Debug\net9.0\PayPing.Infrastructure.dll". Beginning retry 10 in 1000ms. The process cannot access the file 'D:\Dev\Internship\Xhire_Tech\Projects\PayPing\backend\PayPing.API\bin\Debug\net9.0\PayPing.Infrastructure.dll' because it is being used by another process. The file is locked by: "Microsoft Visual Studio (2280), PayPing.API (23656)" [D:\Dev\Internship\Xhire_Tech\Projects\PayPing\backend\PayPing.API\PayPing.API.csproj]
C:\Program Files\dotnet\sdk\10.0.201\Microsoft.Common.CurrentVersion.targets(5094,5): error MSB3027: Could not copy "D:\Dev\Internship\Xhire_Tech\Projects\PayPing\backend\PayPing.Application\bin\Debug\net9.0\PayPing.Application.dll" to "bin\Debug\net9.0\PayPing.Application.dll". Exceeded retry count of 10. Failed. The file is locked by: "PayPing.API (23656)" [D:\Dev\Internship\Xhire_Tech\Projects\PayPing\backend\PayPing.API\PayPing.API.csproj]
C:\Program Files\dotnet\sdk\10.0.201\Microsoft.Common.CurrentVersion.targets(5094,5): error MSB3021: Unable to copy file "D:\Dev\Internship\Xhire_Tech\Projects\PayPing\backend\PayPing.Application\bin\Debug\net9.0\PayPing.Application.dll" to "bin\Debug\net9.0\PayPing.Application.dll". The process cannot access the file 'D:\Dev\Internship\Xhire_Tech\Projects\PayPing\backend\PayPing.API\bin\Debug\net9.0\PayPing.Application.dll' because it is being used by another process. [D:\Dev\Internship\Xhire_Tech\Projects\PayPing\backend\PayPing.API\PayPing.API.csproj]
C:\Program Files\dotnet\sdk\10.0.201\Microsoft.Common.CurrentVersion.targets(5094,5): error MSB3027: Could not copy "D:\Dev\Internship\Xhire_Tech\Projects\PayPing\backend\PayPing.Domain\bin\Debug\net9.0\PayPing.Domain.dll" to "bin\Debug\net9.0\PayPing.Domain.dll". Exceeded retry count of 10. Failed. The file is locked by: "PayPing.API (23656)" [D:\Dev\Internship\Xhire_Tech\Projects\PayPing\backend\PayPing.API\PayPing.API.csproj]
C:\Program Files\dotnet\sdk\10.0.201\Microsoft.Common.CurrentVersion.targets(5094,5): error MSB3021: Unable to copy file "D:\Dev\Internship\Xhire_Tech\Projects\PayPing\backend\PayPing.Domain\bin\Debug\net9.0\PayPing.Domain.dll" to "bin\Debug\net9.0\PayPing.Domain.dll". The process cannot access the file 'D:\Dev\Internship\Xhire_Tech\Projects\PayPing\backend\PayPing.API\bin\Debug\net9.0\PayPing.Domain.dll' because it is being used by another process. [D:\Dev\Internship\Xhire_Tech\Projects\PayPing\backend\PayPing.API\PayPing.API.csproj]
C:\Program Files\dotnet\sdk\10.0.201\Microsoft.Common.CurrentVersion.targets(5094,5): error MSB3027: Could not copy "D:\Dev\Internship\Xhire_Tech\Projects\PayPing\backend\PayPing.Infrastructure\bin\Debug\net9.0\PayPing.Infrastructure.dll" to "bin\Debug\net9.0\PayPing.Infrastructure.dll". Exceeded retry count of 10. Failed. The file is locked by: "Microsoft Visual Studio (2280), PayPing.API (23656)" [D:\Dev\Internship\Xhire_Tech\Projects\PayPing\backend\PayPing.API\PayPing.API.csproj]
C:\Program Files\dotnet\sdk\10.0.201\Microsoft.Common.CurrentVersion.targets(5094,5): error MSB3021: Unable to copy file "D:\Dev\Internship\Xhire_Tech\Projects\PayPing\backend\PayPing.Infrastructure\bin\Debug\net9.0\PayPing.Infrastructure.dll" to "bin\Debug\net9.0\PayPing.Infrastructure.dll". The process cannot access the file 'D:\Dev\Internship\Xhire_Tech\Projects\PayPing\backend\PayPing.API\bin\Debug\net9.0\PayPing.Infrastructure.dll' because it is being used by another process. [D:\Dev\Internship\Xhire_Tech\Projects\PayPing\backend\PayPing.API\PayPing.API.csproj]
    30 Warning(s)
    6 Error(s)

Time Elapsed 00:00:15.52
